// Jest Snapshot v1, https://goo.gl/fbAQLP

exports[`Table Col Checkbox 1`] = `
.c0 {
  position: relative;
  display: -webkit-box;
  display: -webkit-flex;
  display: -ms-flexbox;
  display: flex;
  -webkit-align-items: center;
  -webkit-box-align: center;
  -ms-flex-align: center;
  align-items: center;
  box-sizing: border-box;
  line-height: normal;
  padding: 0;
}

.c1 {
  -webkit-flex: 0 0 48px;
  -ms-flex: 0 0 48px;
  flex: 0 0 48px;
  -webkit-box-pack: center;
  -webkit-justify-content: center;
  -ms-flex-pack: center;
  justify-content: center;
  -webkit-align-items: center;
  -webkit-box-align: center;
  -ms-flex-align: center;
  align-items: center;
  -webkit-user-select: none;
  -moz-user-select: none;
  -ms-user-select: none;
  user-select: none;
  white-space: nowrap;
}

<div
  className="c0 c1"
>
  <input
    aria-label="select-all-rows"
    checked={false}
    name="select-all-rows"
    onChange={[Function]}
    onClick={[Function]}
    type="checkbox"
  />
</div>
`;
